[GIN-debug] [WARNING] Running in "debug" mode. Switch to "release" mode in production.
 - using env:	export GIN_MODE=release
 - using code:	gin.SetMode(gin.ReleaseMode)

[GIN-debug] GET    /v1/statistic/count       --> github.com/Myriad-Dreamin/market/control.StatisticService.StatGoodsCountXY-fm (6 handlers)
[GIN-debug] GET    /v1/statistic/fee         --> github.com/Myriad-Dreamin/market/control.StatisticService.StatGoodsFeeXY-fm (6 handlers)
[GIN-debug] POST   /v1/user/:id/goods/:goid/confirm-buy --> github.com/Myriad-Dreamin/market/control.UserService.ConfirmBuy-fm (6 handlers)
[GIN-debug] POST   /v1/user/:id/goods/:goid/buy --> github.com/Myriad-Dreamin/market/control.UserService.Buy-fm (6 handlers)
[GIN-debug] POST   /v1/user/:id/needs/:nid/confirm-sell --> github.com/Myriad-Dreamin/market/control.UserService.ConfirmSell-fm (6 handlers)
[GIN-debug] POST   /v1/user/:id/needs/:nid/sell --> github.com/Myriad-Dreamin/market/control.UserService.Sell-fm (6 handlers)
[GIN-debug] DELETE /v1/user/:id              --> github.com/Myriad-Dreamin/market/control.UserService.Delete-fm (7 handlers)
[GIN-debug] PUT    /v1/user/:id/password     --> github.com/Myriad-Dreamin/market/control.UserService.ChangePassword-fm (7 handlers)
[GIN-debug] PUT    /v1/user/:id              --> github.com/Myriad-Dreamin/market/control.UserService.Put-fm (7 handlers)
[GIN-debug] GET    /v1/needs/:nid/inspect    --> github.com/Myriad-Dreamin/market/control.NeedsService.Inspect-fm (7 handlers)
[GIN-debug] PUT    /v1/needs/:nid            --> github.com/Myriad-Dreamin/market/control.NeedsService.Put-fm (7 handlers)
[GIN-debug] DELETE /v1/needs/:nid            --> github.com/Myriad-Dreamin/market/control.NeedsService.Delete-fm (7 handlers)
[GIN-debug] DELETE /v1/needs/:nid/force      --> github.com/Myriad-Dreamin/market/control.NeedsService.ForceDelete-fm (7 handlers)
[GIN-debug] PUT    /v1/needs/:nid/picture    --> github.com/Myriad-Dreamin/market/control.NeedsService.PutPicture-fm (6 handlers)
[GIN-debug] POST   /v1/needs                 --> github.com/Myriad-Dreamin/market/control.NeedsService.Post-fm (6 handlers)
[GIN-debug] PUT    /v1/goods/:goid           --> github.com/Myriad-Dreamin/market/control.GoodsService.Put-fm (7 handlers)
[GIN-debug] DELETE /v1/goods/:goid           --> github.com/Myriad-Dreamin/market/control.GoodsService.Delete-fm (7 handlers)
[GIN-debug] DELETE /v1/goods/:goid/force     --> github.com/Myriad-Dreamin/market/control.GoodsService.ForceDelete-fm (7 handlers)
[GIN-debug] PUT    /v1/goods/:goid/picture   --> github.com/Myriad-Dreamin/market/control.GoodsService.PutPicture-fm (6 handlers)
[GIN-debug] GET    /v1/goods/:goid/inspect   --> github.com/Myriad-Dreamin/market/control.GoodsService.Inspect-fm (7 handlers)
[GIN-debug] POST   /v1/goods                 --> github.com/Myriad-Dreamin/market/control.GoodsService.Post-fm (6 handlers)
[GIN-debug] GET    /v1/user/:id              --> github.com/Myriad-Dreamin/market/control.UserService.Get-fm (5 handlers)
[GIN-debug] GET    /v1/user-list             --> github.com/Myriad-Dreamin/market/control.UserService.List-fm (5 handlers)
[GIN-debug] POST   /v1/user                  --> github.com/Myriad-Dreamin/market/control.UserService.Register-fm (5 handlers)
[GIN-debug] POST   /v1/login                 --> github.com/Myriad-Dreamin/market/control.UserService.Login-fm (5 handlers)
[GIN-debug] GET    /v1/needs/:nid            --> github.com/Myriad-Dreamin/market/control.NeedsService.Get-fm (5 handlers)
[GIN-debug] GET    /v1/needs-list            --> github.com/Myriad-Dreamin/market/control.NeedsService.List-fm (5 handlers)
[GIN-debug] GET    /v1/goods/:goid           --> github.com/Myriad-Dreamin/market/control.GoodsService.Get-fm (5 handlers)
[GIN-debug] GET    /v1/goods-list            --> github.com/Myriad-Dreamin/market/control.GoodsService.List-fm (5 handlers)
[GIN-debug] GET    /ping                     --> github.com/Myriad-Dreamin/market/router.PingFunc (5 handlers)
[GIN] 2019/12/08 - 18:37:34 | 200 |     68.0015ms |                 | POST     /v1/user
Method: POST url: /v1/user http: HTTP/1.1
Request Header: map[Content-Type:[application/json]]
Response Header: map[Content-Type:[application/json; charset=utf-8] Gin-Context-Matched-Path-Method:[/v1/user@POST]]
[GIN] 2019/12/08 - 18:37:34 | 200 |     65.0031ms |                 | POST     /v1/login
Method: POST url: /v1/login http: HTTP/1.1
Request Header: map[Content-Type:[application/json]]
Response Header: map[Content-Type:[application/json; charset=utf-8] Gin-Context-Matched-Path-Method:[/v1/login@POST]]
[GIN] 2019/12/08 - 18:37:34 | 200 |       1.003ms |                 | POST     /v1/goods
Method: POST url: /v1/goods http: HTTP/1.1
Request Header: map[Authorization:[Bearer eyJhbGciOiJIUzI1NiIsInR5cCI6IkpXVCJ9.eyJleHAiOjE1NzU4MDUwNTQsImlzcyI6Ik15cmlhZC1EcmVhbWluIiwibmJmIjoxNTc1ODAxNDQ0LCJJc1JlZnJlc2hUb2tlbiI6ZmFsc2UsIlJlZnJlc2hUYXJnZXQiOm51bGwsIkN1c3RvbUZpZWxkIjp7IlVJRCI6MX19.JJ7OzqKUpTdhO5rMZwcx5-XlBAyMqZA-1KC0fW5C2HA] Content-Type:[application/json]]
Response Header: map[Content-Type:[application/json; charset=utf-8] Gin-Context-Matched-Path-Method:[/v1/goods@POST]]
[GIN] 2019/12/08 - 18:37:34 | 200 |            0s |                 | POST     /v1/goods
Method: POST url: /v1/goods http: HTTP/1.1
Request Header: map[Authorization:[Bearer eyJhbGciOiJIUzI1NiIsInR5cCI6IkpXVCJ9.eyJleHAiOjE1NzU4MDUwNTQsImlzcyI6Ik15cmlhZC1EcmVhbWluIiwibmJmIjoxNTc1ODAxNDQ0LCJJc1JlZnJlc2hUb2tlbiI6ZmFsc2UsIlJlZnJlc2hUYXJnZXQiOm51bGwsIkN1c3RvbUZpZWxkIjp7IlVJRCI6MX19.JJ7OzqKUpTdhO5rMZwcx5-XlBAyMqZA-1KC0fW5C2HA] Content-Type:[application/json]]
Response Header: map[Content-Type:[application/json; charset=utf-8] Gin-Context-Matched-Path-Method:[/v1/goods@POST]]
[GIN] 2019/12/08 - 18:37:34 | 200 |       998.3µs |                 | POST     /v1/goods
Method: POST url: /v1/goods http: HTTP/1.1
Request Header: map[Authorization:[Bearer eyJhbGciOiJIUzI1NiIsInR5cCI6IkpXVCJ9.eyJleHAiOjE1NzU4MDUwNTQsImlzcyI6Ik15cmlhZC1EcmVhbWluIiwibmJmIjoxNTc1ODAxNDQ0LCJJc1JlZnJlc2hUb2tlbiI6ZmFsc2UsIlJlZnJlc2hUYXJnZXQiOm51bGwsIkN1c3RvbUZpZWxkIjp7IlVJRCI6MX19.JJ7OzqKUpTdhO5rMZwcx5-XlBAyMqZA-1KC0fW5C2HA] Content-Type:[application/json]]
Response Header: map[Content-Type:[application/json; charset=utf-8] Gin-Context-Matched-Path-Method:[/v1/goods@POST]]
[GIN] 2019/12/08 - 18:37:34 | 200 |            0s |                 | POST     /v1/goods
Method: POST url: /v1/goods http: HTTP/1.1
Request Header: map[Authorization:[Bearer eyJhbGciOiJIUzI1NiIsInR5cCI6IkpXVCJ9.eyJleHAiOjE1NzU4MDUwNTQsImlzcyI6Ik15cmlhZC1EcmVhbWluIiwibmJmIjoxNTc1ODAxNDQ0LCJJc1JlZnJlc2hUb2tlbiI6ZmFsc2UsIlJlZnJlc2hUYXJnZXQiOm51bGwsIkN1c3RvbUZpZWxkIjp7IlVJRCI6MX19.JJ7OzqKUpTdhO5rMZwcx5-XlBAyMqZA-1KC0fW5C2HA] Content-Type:[application/json]]
Response Header: map[Content-Type:[application/json; charset=utf-8] Gin-Context-Matched-Path-Method:[/v1/goods@POST]]
[GIN] 2019/12/08 - 18:37:34 | 200 |            0s |                 | POST     /v1/goods
Method: POST url: /v1/goods http: HTTP/1.1
Request Header: map[Authorization:[Bearer eyJhbGciOiJIUzI1NiIsInR5cCI6IkpXVCJ9.eyJleHAiOjE1NzU4MDUwNTQsImlzcyI6Ik15cmlhZC1EcmVhbWluIiwibmJmIjoxNTc1ODAxNDQ0LCJJc1JlZnJlc2hUb2tlbiI6ZmFsc2UsIlJlZnJlc2hUYXJnZXQiOm51bGwsIkN1c3RvbUZpZWxkIjp7IlVJRCI6MX19.JJ7OzqKUpTdhO5rMZwcx5-XlBAyMqZA-1KC0fW5C2HA] Content-Type:[application/json]]
Response Header: map[Content-Type:[application/json; charset=utf-8] Gin-Context-Matched-Path-Method:[/v1/goods@POST]]
[GIN] 2019/12/08 - 18:37:34 | 200 |         999µs |                 | POST     /v1/goods
Method: POST url: /v1/goods http: HTTP/1.1
Request Header: map[Authorization:[Bearer eyJhbGciOiJIUzI1NiIsInR5cCI6IkpXVCJ9.eyJleHAiOjE1NzU4MDUwNTQsImlzcyI6Ik15cmlhZC1EcmVhbWluIiwibmJmIjoxNTc1ODAxNDQ0LCJJc1JlZnJlc2hUb2tlbiI6ZmFsc2UsIlJlZnJlc2hUYXJnZXQiOm51bGwsIkN1c3RvbUZpZWxkIjp7IlVJRCI6MX19.JJ7OzqKUpTdhO5rMZwcx5-XlBAyMqZA-1KC0fW5C2HA] Content-Type:[application/json]]
Response Header: map[Content-Type:[application/json; charset=utf-8] Gin-Context-Matched-Path-Method:[/v1/goods@POST]]
[GIN] 2019/12/08 - 18:37:34 | 200 |            0s |                 | POST     /v1/goods
Method: POST url: /v1/goods http: HTTP/1.1
Request Header: map[Authorization:[Bearer eyJhbGciOiJIUzI1NiIsInR5cCI6IkpXVCJ9.eyJleHAiOjE1NzU4MDUwNTQsImlzcyI6Ik15cmlhZC1EcmVhbWluIiwibmJmIjoxNTc1ODAxNDQ0LCJJc1JlZnJlc2hUb2tlbiI6ZmFsc2UsIlJlZnJlc2hUYXJnZXQiOm51bGwsIkN1c3RvbUZpZWxkIjp7IlVJRCI6MX19.JJ7OzqKUpTdhO5rMZwcx5-XlBAyMqZA-1KC0fW5C2HA] Content-Type:[application/json]]
Response Header: map[Content-Type:[application/json; charset=utf-8] Gin-Context-Matched-Path-Method:[/v1/goods@POST]]
[GIN] 2019/12/08 - 18:37:34 | 200 |            0s |                 | POST     /v1/goods
Method: POST url: /v1/goods http: HTTP/1.1
Request Header: map[Authorization:[Bearer eyJhbGciOiJIUzI1NiIsInR5cCI6IkpXVCJ9.eyJleHAiOjE1NzU4MDUwNTQsImlzcyI6Ik15cmlhZC1EcmVhbWluIiwibmJmIjoxNTc1ODAxNDQ0LCJJc1JlZnJlc2hUb2tlbiI6ZmFsc2UsIlJlZnJlc2hUYXJnZXQiOm51bGwsIkN1c3RvbUZpZWxkIjp7IlVJRCI6MX19.JJ7OzqKUpTdhO5rMZwcx5-XlBAyMqZA-1KC0fW5C2HA] Content-Type:[application/json]]
Response Header: map[Content-Type:[application/json; charset=utf-8] Gin-Context-Matched-Path-Method:[/v1/goods@POST]]
[GIN] 2019/12/08 - 18:37:34 | 200 |       999.8µs |                 | POST     /v1/goods
Method: POST url: /v1/goods http: HTTP/1.1
Request Header: map[Authorization:[Bearer eyJhbGciOiJIUzI1NiIsInR5cCI6IkpXVCJ9.eyJleHAiOjE1NzU4MDUwNTQsImlzcyI6Ik15cmlhZC1EcmVhbWluIiwibmJmIjoxNTc1ODAxNDQ0LCJJc1JlZnJlc2hUb2tlbiI6ZmFsc2UsIlJlZnJlc2hUYXJnZXQiOm51bGwsIkN1c3RvbUZpZWxkIjp7IlVJRCI6MX19.JJ7OzqKUpTdhO5rMZwcx5-XlBAyMqZA-1KC0fW5C2HA] Content-Type:[application/json]]
Response Header: map[Content-Type:[application/json; charset=utf-8] Gin-Context-Matched-Path-Method:[/v1/goods@POST]]
[GIN] 2019/12/08 - 18:37:34 | 200 |            0s |                 | POST     /v1/goods
Method: POST url: /v1/goods http: HTTP/1.1
Request Header: map[Authorization:[Bearer eyJhbGciOiJIUzI1NiIsInR5cCI6IkpXVCJ9.eyJleHAiOjE1NzU4MDUwNTQsImlzcyI6Ik15cmlhZC1EcmVhbWluIiwibmJmIjoxNTc1ODAxNDQ0LCJJc1JlZnJlc2hUb2tlbiI6ZmFsc2UsIlJlZnJlc2hUYXJnZXQiOm51bGwsIkN1c3RvbUZpZWxkIjp7IlVJRCI6MX19.JJ7OzqKUpTdhO5rMZwcx5-XlBAyMqZA-1KC0fW5C2HA] Content-Type:[application/json]]
Response Header: map[Content-Type:[application/json; charset=utf-8] Gin-Context-Matched-Path-Method:[/v1/goods@POST]]
[GIN] 2019/12/08 - 18:37:34 | 200 |            0s |                 | POST     /v1/goods
Method: POST url: /v1/goods http: HTTP/1.1
Request Header: map[Authorization:[Bearer eyJhbGciOiJIUzI1NiIsInR5cCI6IkpXVCJ9.eyJleHAiOjE1NzU4MDUwNTQsImlzcyI6Ik15cmlhZC1EcmVhbWluIiwibmJmIjoxNTc1ODAxNDQ0LCJJc1JlZnJlc2hUb2tlbiI6ZmFsc2UsIlJlZnJlc2hUYXJnZXQiOm51bGwsIkN1c3RvbUZpZWxkIjp7IlVJRCI6MX19.JJ7OzqKUpTdhO5rMZwcx5-XlBAyMqZA-1KC0fW5C2HA] Content-Type:[application/json]]
Response Header: map[Content-Type:[application/json; charset=utf-8] Gin-Context-Matched-Path-Method:[/v1/goods@POST]]
[GIN] 2019/12/08 - 18:37:34 | 200 |            0s |                 | POST     /v1/goods
Method: POST url: /v1/goods http: HTTP/1.1
Request Header: map[Authorization:[Bearer eyJhbGciOiJIUzI1NiIsInR5cCI6IkpXVCJ9.eyJleHAiOjE1NzU4MDUwNTQsImlzcyI6Ik15cmlhZC1EcmVhbWluIiwibmJmIjoxNTc1ODAxNDQ0LCJJc1JlZnJlc2hUb2tlbiI6ZmFsc2UsIlJlZnJlc2hUYXJnZXQiOm51bGwsIkN1c3RvbUZpZWxkIjp7IlVJRCI6MX19.JJ7OzqKUpTdhO5rMZwcx5-XlBAyMqZA-1KC0fW5C2HA] Content-Type:[application/json]]
Response Header: map[Content-Type:[application/json; charset=utf-8] Gin-Context-Matched-Path-Method:[/v1/goods@POST]]
[GIN] 2019/12/08 - 18:37:34 | 200 |            0s |                 | POST     /v1/goods
Method: POST url: /v1/goods http: HTTP/1.1
Request Header: map[Authorization:[Bearer eyJhbGciOiJIUzI1NiIsInR5cCI6IkpXVCJ9.eyJleHAiOjE1NzU4MDUwNTQsImlzcyI6Ik15cmlhZC1EcmVhbWluIiwibmJmIjoxNTc1ODAxNDQ0LCJJc1JlZnJlc2hUb2tlbiI6ZmFsc2UsIlJlZnJlc2hUYXJnZXQiOm51bGwsIkN1c3RvbUZpZWxkIjp7IlVJRCI6MX19.JJ7OzqKUpTdhO5rMZwcx5-XlBAyMqZA-1KC0fW5C2HA] Content-Type:[application/json]]
Response Header: map[Content-Type:[application/json; charset=utf-8] Gin-Context-Matched-Path-Method:[/v1/goods@POST]]
[GIN] 2019/12/08 - 18:37:34 | 200 |            0s |                 | POST     /v1/goods
Method: POST url: /v1/goods http: HTTP/1.1
Request Header: map[Authorization:[Bearer eyJhbGciOiJIUzI1NiIsInR5cCI6IkpXVCJ9.eyJleHAiOjE1NzU4MDUwNTQsImlzcyI6Ik15cmlhZC1EcmVhbWluIiwibmJmIjoxNTc1ODAxNDQ0LCJJc1JlZnJlc2hUb2tlbiI6ZmFsc2UsIlJlZnJlc2hUYXJnZXQiOm51bGwsIkN1c3RvbUZpZWxkIjp7IlVJRCI6MX19.JJ7OzqKUpTdhO5rMZwcx5-XlBAyMqZA-1KC0fW5C2HA] Content-Type:[application/json]]
Response Header: map[Content-Type:[application/json; charset=utf-8] Gin-Context-Matched-Path-Method:[/v1/goods@POST]]
[GIN] 2019/12/08 - 18:37:34 | 200 |            0s |                 | POST     /v1/goods
Method: POST url: /v1/goods http: HTTP/1.1
Request Header: map[Authorization:[Bearer eyJhbGciOiJIUzI1NiIsInR5cCI6IkpXVCJ9.eyJleHAiOjE1NzU4MDUwNTQsImlzcyI6Ik15cmlhZC1EcmVhbWluIiwibmJmIjoxNTc1ODAxNDQ0LCJJc1JlZnJlc2hUb2tlbiI6ZmFsc2UsIlJlZnJlc2hUYXJnZXQiOm51bGwsIkN1c3RvbUZpZWxkIjp7IlVJRCI6MX19.JJ7OzqKUpTdhO5rMZwcx5-XlBAyMqZA-1KC0fW5C2HA] Content-Type:[application/json]]
Response Header: map[Content-Type:[application/json; charset=utf-8] Gin-Context-Matched-Path-Method:[/v1/goods@POST]]
[GIN] 2019/12/08 - 18:37:34 | 200 |            0s |                 | POST     /v1/goods
Method: POST url: /v1/goods http: HTTP/1.1
Request Header: map[Authorization:[Bearer eyJhbGciOiJIUzI1NiIsInR5cCI6IkpXVCJ9.eyJleHAiOjE1NzU4MDUwNTQsImlzcyI6Ik15cmlhZC1EcmVhbWluIiwibmJmIjoxNTc1ODAxNDQ0LCJJc1JlZnJlc2hUb2tlbiI6ZmFsc2UsIlJlZnJlc2hUYXJnZXQiOm51bGwsIkN1c3RvbUZpZWxkIjp7IlVJRCI6MX19.JJ7OzqKUpTdhO5rMZwcx5-XlBAyMqZA-1KC0fW5C2HA] Content-Type:[application/json]]
Response Header: map[Content-Type:[application/json; charset=utf-8] Gin-Context-Matched-Path-Method:[/v1/goods@POST]]
[GIN] 2019/12/08 - 18:37:34 | 200 |      1.0004ms |                 | GET      /v1/goods/1
Method: GET url: /v1/goods/1 http: HTTP/1.1
Request Header: map[Authorization:[Bearer eyJhbGciOiJIUzI1NiIsInR5cCI6IkpXVCJ9.eyJleHAiOjE1NzU4MDUwNTQsImlzcyI6Ik15cmlhZC1EcmVhbWluIiwibmJmIjoxNTc1ODAxNDQ0LCJJc1JlZnJlc2hUb2tlbiI6ZmFsc2UsIlJlZnJlc2hUYXJnZXQiOm51bGwsIkN1c3RvbUZpZWxkIjp7IlVJRCI6MX19.JJ7OzqKUpTdhO5rMZwcx5-XlBAyMqZA-1KC0fW5C2HA] Content-Type:[]]
Response Header: map[Content-Type:[application/json; charset=utf-8] Gin-Context-Matched-Path-Method:[/v1/goods/:goid/inspect@GET]]
[GIN] 2019/12/08 - 18:37:34 | 200 |            0s |                 | GET      /v1/goods/1/inspect
Method: GET url: /v1/goods/1/inspect http: HTTP/1.1
Request Header: map[Authorization:[Bearer eyJhbGciOiJIUzI1NiIsInR5cCI6IkpXVCJ9.eyJleHAiOjE1NzU4MDUwNTQsImlzcyI6Ik15cmlhZC1EcmVhbWluIiwibmJmIjoxNTc1ODAxNDQ0LCJJc1JlZnJlc2hUb2tlbiI6ZmFsc2UsIlJlZnJlc2hUYXJnZXQiOm51bGwsIkN1c3RvbUZpZWxkIjp7IlVJRCI6MX19.JJ7OzqKUpTdhO5rMZwcx5-XlBAyMqZA-1KC0fW5C2HA] Content-Type:[]]
Response Header: map[Content-Type:[application/json; charset=utf-8] Gin-Context-Matched-Path-Method:[/v1/goods/:goid/inspect@GET]]
[GIN] 2019/12/08 - 18:37:34 | 200 |            0s |                 | GET      /v1/goods-list?page=1&page_size=2
Method: GET url: /v1/goods-list?page=1&page_size=2 http: HTTP/1.1
Request Header: map[Authorization:[Bearer eyJhbGciOiJIUzI1NiIsInR5cCI6IkpXVCJ9.eyJleHAiOjE1NzU4MDUwNTQsImlzcyI6Ik15cmlhZC1EcmVhbWluIiwibmJmIjoxNTc1ODAxNDQ0LCJJc1JlZnJlc2hUb2tlbiI6ZmFsc2UsIlJlZnJlc2hUYXJnZXQiOm51bGwsIkN1c3RvbUZpZWxkIjp7IlVJRCI6MX19.JJ7OzqKUpTdhO5rMZwcx5-XlBAyMqZA-1KC0fW5C2HA] Content-Type:[]]
Response Header: map[Content-Type:[application/json; charset=utf-8] Gin-Context-Matched-Path-Method:[/v1/goods-list@GET]]
[GIN] 2019/12/08 - 18:37:34 | 200 |            0s |                 | GET      /v1/goods-list?page=2&page_size=2
Method: GET url: /v1/goods-list?page=2&page_size=2 http: HTTP/1.1
Request Header: map[Authorization:[Bearer eyJhbGciOiJIUzI1NiIsInR5cCI6IkpXVCJ9.eyJleHAiOjE1NzU4MDUwNTQsImlzcyI6Ik15cmlhZC1EcmVhbWluIiwibmJmIjoxNTc1ODAxNDQ0LCJJc1JlZnJlc2hUb2tlbiI6ZmFsc2UsIlJlZnJlc2hUYXJnZXQiOm51bGwsIkN1c3RvbUZpZWxkIjp7IlVJRCI6MX19.JJ7OzqKUpTdhO5rMZwcx5-XlBAyMqZA-1KC0fW5C2HA] Content-Type:[]]
Response Header: map[Content-Type:[application/json; charset=utf-8] Gin-Context-Matched-Path-Method:[/v1/goods-list@GET]]
[GIN] 2019/12/08 - 18:37:34 | 200 |       992.2µs |                 | GET      /v1/goods-list?page=1&page_size=20&name=es0001
Method: GET url: /v1/goods-list?page=1&page_size=20&name=es0001 http: HTTP/1.1
Request Header: map[Authorization:[Bearer eyJhbGciOiJIUzI1NiIsInR5cCI6IkpXVCJ9.eyJleHAiOjE1NzU4MDUwNTQsImlzcyI6Ik15cmlhZC1EcmVhbWluIiwibmJmIjoxNTc1ODAxNDQ0LCJJc1JlZnJlc2hUb2tlbiI6ZmFsc2UsIlJlZnJlc2hUYXJnZXQiOm51bGwsIkN1c3RvbUZpZWxkIjp7IlVJRCI6MX19.JJ7OzqKUpTdhO5rMZwcx5-XlBAyMqZA-1KC0fW5C2HA] Content-Type:[]]
Response Header: map[Content-Type:[application/json; charset=utf-8] Gin-Context-Matched-Path-Method:[/v1/goods-list@GET]]
[GIN] 2019/12/08 - 18:37:34 | 200 |            0s |                 | GET      /v1/goods-list?page=2&page_size=20
Method: GET url: /v1/goods-list?page=2&page_size=20 http: HTTP/1.1
Request Header: map[Authorization:[Bearer eyJhbGciOiJIUzI1NiIsInR5cCI6IkpXVCJ9.eyJleHAiOjE1NzU4MDUwNTQsImlzcyI6Ik15cmlhZC1EcmVhbWluIiwibmJmIjoxNTc1ODAxNDQ0LCJJc1JlZnJlc2hUb2tlbiI6ZmFsc2UsIlJlZnJlc2hUYXJnZXQiOm51bGwsIkN1c3RvbUZpZWxkIjp7IlVJRCI6MX19.JJ7OzqKUpTdhO5rMZwcx5-XlBAyMqZA-1KC0fW5C2HA] Content-Type:[]]
Response Header: map[Content-Type:[application/json; charset=utf-8] Gin-Context-Matched-Path-Method:[/v1/goods-list@GET]]
[GIN] 2019/12/08 - 18:37:34 | 200 |      1.0002ms |                 | PUT      /v1/goods/4/picture
Method: PUT url: /v1/goods/4/picture http: HTTP/1.1
Request Header: map[Authorization:[Bearer eyJhbGciOiJIUzI1NiIsInR5cCI6IkpXVCJ9.eyJleHAiOjE1NzU4MDUwNTQsImlzcyI6Ik15cmlhZC1EcmVhbWluIiwibmJmIjoxNTc1ODAxNDQ0LCJJc1JlZnJlc2hUb2tlbiI6ZmFsc2UsIlJlZnJlc2hUYXJnZXQiOm51bGwsIkN1c3RvbUZpZWxkIjp7IlVJRCI6MX19.JJ7OzqKUpTdhO5rMZwcx5-XlBAyMqZA-1KC0fW5C2HA] Content-Type:[multipart/form-data; boundary=b8725743df3bc4dbc5ca32f85e0ed54a688a1af4b4d669cab6f2ca6fb92f]]
Response Header: map[Content-Type:[application/json; charset=utf-8] Gin-Context-Matched-Path-Method:[/v1/goods/:goid/picture@PUT]]
[GIN] 2019/12/08 - 18:37:34 | 200 |            0s |                 | DELETE   /v1/goods/4
Method: DELETE url: /v1/goods/4 http: HTTP/1.1
Request Header: map[Authorization:[Bearer eyJhbGciOiJIUzI1NiIsInR5cCI6IkpXVCJ9.eyJleHAiOjE1NzU4MDUwNTQsImlzcyI6Ik15cmlhZC1EcmVhbWluIiwibmJmIjoxNTc1ODAxNDQ0LCJJc1JlZnJlc2hUb2tlbiI6ZmFsc2UsIlJlZnJlc2hUYXJnZXQiOm51bGwsIkN1c3RvbUZpZWxkIjp7IlVJRCI6MX19.JJ7OzqKUpTdhO5rMZwcx5-XlBAyMqZA-1KC0fW5C2HA] Content-Type:[]]
Response Header: map[Content-Type:[application/json; charset=utf-8] Gin-Context-Matched-Path-Method:[/v1/goods/:goid@DELETE]]
[GIN] 2019/12/08 - 18:37:34 | 200 |           1ms |                 | GET      /v1/goods/4
Method: GET url: /v1/goods/4 http: HTTP/1.1
Request Header: map[Authorization:[Bearer eyJhbGciOiJIUzI1NiIsInR5cCI6IkpXVCJ9.eyJleHAiOjE1NzU4MDUwNTQsImlzcyI6Ik15cmlhZC1EcmVhbWluIiwibmJmIjoxNTc1ODAxNDQ0LCJJc1JlZnJlc2hUb2tlbiI6ZmFsc2UsIlJlZnJlc2hUYXJnZXQiOm51bGwsIkN1c3RvbUZpZWxkIjp7IlVJRCI6MX19.JJ7OzqKUpTdhO5rMZwcx5-XlBAyMqZA-1KC0fW5C2HA] Content-Type:[]]
Response Header: map[Content-Type:[application/json; charset=utf-8] Gin-Context-Matched-Path-Method:[/v1/goods/:goid/inspect@GET]]
[GIN] 2019/12/08 - 18:37:34 | 200 |            0s |                 | POST     /v1/needs
Method: POST url: /v1/needs http: HTTP/1.1
Request Header: map[Authorization:[Bearer eyJhbGciOiJIUzI1NiIsInR5cCI6IkpXVCJ9.eyJleHAiOjE1NzU4MDUwNTQsImlzcyI6Ik15cmlhZC1EcmVhbWluIiwibmJmIjoxNTc1ODAxNDQ0LCJJc1JlZnJlc2hUb2tlbiI6ZmFsc2UsIlJlZnJlc2hUYXJnZXQiOm51bGwsIkN1c3RvbUZpZWxkIjp7IlVJRCI6MX19.JJ7OzqKUpTdhO5rMZwcx5-XlBAyMqZA-1KC0fW5C2HA] Content-Type:[application/json]]
Response Header: map[Content-Type:[application/json; charset=utf-8] Gin-Context-Matched-Path-Method:[/v1/needs@POST]]
[GIN] 2019/12/08 - 18:37:34 | 200 |            0s |                 | POST     /v1/needs
Method: POST url: /v1/needs http: HTTP/1.1
Request Header: map[Authorization:[Bearer eyJhbGciOiJIUzI1NiIsInR5cCI6IkpXVCJ9.eyJleHAiOjE1NzU4MDUwNTQsImlzcyI6Ik15cmlhZC1EcmVhbWluIiwibmJmIjoxNTc1ODAxNDQ0LCJJc1JlZnJlc2hUb2tlbiI6ZmFsc2UsIlJlZnJlc2hUYXJnZXQiOm51bGwsIkN1c3RvbUZpZWxkIjp7IlVJRCI6MX19.JJ7OzqKUpTdhO5rMZwcx5-XlBAyMqZA-1KC0fW5C2HA] Content-Type:[application/json]]
Response Header: map[Content-Type:[application/json; charset=utf-8] Gin-Context-Matched-Path-Method:[/v1/needs@POST]]
[GIN] 2019/12/08 - 18:37:34 | 200 |            0s |                 | POST     /v1/needs
Method: POST url: /v1/needs http: HTTP/1.1
Request Header: map[Authorization:[Bearer eyJhbGciOiJIUzI1NiIsInR5cCI6IkpXVCJ9.eyJleHAiOjE1NzU4MDUwNTQsImlzcyI6Ik15cmlhZC1EcmVhbWluIiwibmJmIjoxNTc1ODAxNDQ0LCJJc1JlZnJlc2hUb2tlbiI6ZmFsc2UsIlJlZnJlc2hUYXJnZXQiOm51bGwsIkN1c3RvbUZpZWxkIjp7IlVJRCI6MX19.JJ7OzqKUpTdhO5rMZwcx5-XlBAyMqZA-1KC0fW5C2HA] Content-Type:[application/json]]
Response Header: map[Content-Type:[application/json; charset=utf-8] Gin-Context-Matched-Path-Method:[/v1/needs@POST]]
[GIN] 2019/12/08 - 18:37:34 | 200 |            0s |                 | POST     /v1/needs
Method: POST url: /v1/needs http: HTTP/1.1
Request Header: map[Authorization:[Bearer eyJhbGciOiJIUzI1NiIsInR5cCI6IkpXVCJ9.eyJleHAiOjE1NzU4MDUwNTQsImlzcyI6Ik15cmlhZC1EcmVhbWluIiwibmJmIjoxNTc1ODAxNDQ0LCJJc1JlZnJlc2hUb2tlbiI6ZmFsc2UsIlJlZnJlc2hUYXJnZXQiOm51bGwsIkN1c3RvbUZpZWxkIjp7IlVJRCI6MX19.JJ7OzqKUpTdhO5rMZwcx5-XlBAyMqZA-1KC0fW5C2HA] Content-Type:[application/json]]
Response Header: map[Content-Type:[application/json; charset=utf-8] Gin-Context-Matched-Path-Method:[/v1/needs@POST]]
[GIN] 2019/12/08 - 18:37:34 | 200 |      1.0008ms |                 | POST     /v1/needs
Method: POST url: /v1/needs http: HTTP/1.1
Request Header: map[Authorization:[Bearer eyJhbGciOiJIUzI1NiIsInR5cCI6IkpXVCJ9.eyJleHAiOjE1NzU4MDUwNTQsImlzcyI6Ik15cmlhZC1EcmVhbWluIiwibmJmIjoxNTc1ODAxNDQ0LCJJc1JlZnJlc2hUb2tlbiI6ZmFsc2UsIlJlZnJlc2hUYXJnZXQiOm51bGwsIkN1c3RvbUZpZWxkIjp7IlVJRCI6MX19.JJ7OzqKUpTdhO5rMZwcx5-XlBAyMqZA-1KC0fW5C2HA] Content-Type:[application/json]]
Response Header: map[Content-Type:[application/json; charset=utf-8] Gin-Context-Matched-Path-Method:[/v1/needs@POST]]
[GIN] 2019/12/08 - 18:37:34 | 200 |            0s |                 | POST     /v1/needs
Method: POST url: /v1/needs http: HTTP/1.1
Request Header: map[Authorization:[Bearer eyJhbGciOiJIUzI1NiIsInR5cCI6IkpXVCJ9.eyJleHAiOjE1NzU4MDUwNTQsImlzcyI6Ik15cmlhZC1EcmVhbWluIiwibmJmIjoxNTc1ODAxNDQ0LCJJc1JlZnJlc2hUb2tlbiI6ZmFsc2UsIlJlZnJlc2hUYXJnZXQiOm51bGwsIkN1c3RvbUZpZWxkIjp7IlVJRCI6MX19.JJ7OzqKUpTdhO5rMZwcx5-XlBAyMqZA-1KC0fW5C2HA] Content-Type:[application/json]]
Response Header: map[Content-Type:[application/json; charset=utf-8] Gin-Context-Matched-Path-Method:[/v1/needs@POST]]
[GIN] 2019/12/08 - 18:37:34 | 200 |            0s |                 | POST     /v1/needs
Method: POST url: /v1/needs http: HTTP/1.1
Request Header: map[Authorization:[Bearer eyJhbGciOiJIUzI1NiIsInR5cCI6IkpXVCJ9.eyJleHAiOjE1NzU4MDUwNTQsImlzcyI6Ik15cmlhZC1EcmVhbWluIiwibmJmIjoxNTc1ODAxNDQ0LCJJc1JlZnJlc2hUb2tlbiI6ZmFsc2UsIlJlZnJlc2hUYXJnZXQiOm51bGwsIkN1c3RvbUZpZWxkIjp7IlVJRCI6MX19.JJ7OzqKUpTdhO5rMZwcx5-XlBAyMqZA-1KC0fW5C2HA] Content-Type:[application/json]]
Response Header: map[Content-Type:[application/json; charset=utf-8] Gin-Context-Matched-Path-Method:[/v1/needs@POST]]
[GIN] 2019/12/08 - 18:37:34 | 200 |         999µs |                 | POST     /v1/needs
Method: POST url: /v1/needs http: HTTP/1.1
Request Header: map[Authorization:[Bearer eyJhbGciOiJIUzI1NiIsInR5cCI6IkpXVCJ9.eyJleHAiOjE1NzU4MDUwNTQsImlzcyI6Ik15cmlhZC1EcmVhbWluIiwibmJmIjoxNTc1ODAxNDQ0LCJJc1JlZnJlc2hUb2tlbiI6ZmFsc2UsIlJlZnJlc2hUYXJnZXQiOm51bGwsIkN1c3RvbUZpZWxkIjp7IlVJRCI6MX19.JJ7OzqKUpTdhO5rMZwcx5-XlBAyMqZA-1KC0fW5C2HA] Content-Type:[application/json]]
Response Header: map[Content-Type:[application/json; charset=utf-8] Gin-Context-Matched-Path-Method:[/v1/needs@POST]]
[GIN] 2019/12/08 - 18:37:34 | 200 |            0s |                 | POST     /v1/needs
Method: POST url: /v1/needs http: HTTP/1.1
Request Header: map[Authorization:[Bearer eyJhbGciOiJIUzI1NiIsInR5cCI6IkpXVCJ9.eyJleHAiOjE1NzU4MDUwNTQsImlzcyI6Ik15cmlhZC1EcmVhbWluIiwibmJmIjoxNTc1ODAxNDQ0LCJJc1JlZnJlc2hUb2tlbiI6ZmFsc2UsIlJlZnJlc2hUYXJnZXQiOm51bGwsIkN1c3RvbUZpZWxkIjp7IlVJRCI6MX19.JJ7OzqKUpTdhO5rMZwcx5-XlBAyMqZA-1KC0fW5C2HA] Content-Type:[application/json]]
Response Header: map[Content-Type:[application/json; charset=utf-8] Gin-Context-Matched-Path-Method:[/v1/needs@POST]]
[GIN] 2019/12/08 - 18:37:34 | 200 |            0s |                 | POST     /v1/needs
Method: POST url: /v1/needs http: HTTP/1.1
Request Header: map[Authorization:[Bearer eyJhbGciOiJIUzI1NiIsInR5cCI6IkpXVCJ9.eyJleHAiOjE1NzU4MDUwNTQsImlzcyI6Ik15cmlhZC1EcmVhbWluIiwibmJmIjoxNTc1ODAxNDQ0LCJJc1JlZnJlc2hUb2tlbiI6ZmFsc2UsIlJlZnJlc2hUYXJnZXQiOm51bGwsIkN1c3RvbUZpZWxkIjp7IlVJRCI6MX19.JJ7OzqKUpTdhO5rMZwcx5-XlBAyMqZA-1KC0fW5C2HA] Content-Type:[application/json]]
Response Header: map[Content-Type:[application/json; charset=utf-8] Gin-Context-Matched-Path-Method:[/v1/needs@POST]]
[GIN] 2019/12/08 - 18:37:34 | 200 |            0s |                 | POST     /v1/needs
Method: POST url: /v1/needs http: HTTP/1.1
Request Header: map[Authorization:[Bearer eyJhbGciOiJIUzI1NiIsInR5cCI6IkpXVCJ9.eyJleHAiOjE1NzU4MDUwNTQsImlzcyI6Ik15cmlhZC1EcmVhbWluIiwibmJmIjoxNTc1ODAxNDQ0LCJJc1JlZnJlc2hUb2tlbiI6ZmFsc2UsIlJlZnJlc2hUYXJnZXQiOm51bGwsIkN1c3RvbUZpZWxkIjp7IlVJRCI6MX19.JJ7OzqKUpTdhO5rMZwcx5-XlBAyMqZA-1KC0fW5C2HA] Content-Type:[application/json]]
Response Header: map[Content-Type:[application/json; charset=utf-8] Gin-Context-Matched-Path-Method:[/v1/needs@POST]]
[GIN] 2019/12/08 - 18:37:34 | 200 |            0s |                 | GET      /v1/needs/1
Method: GET url: /v1/needs/1 http: HTTP/1.1
Request Header: map[Authorization:[Bearer eyJhbGciOiJIUzI1NiIsInR5cCI6IkpXVCJ9.eyJleHAiOjE1NzU4MDUwNTQsImlzcyI6Ik15cmlhZC1EcmVhbWluIiwibmJmIjoxNTc1ODAxNDQ0LCJJc1JlZnJlc2hUb2tlbiI6ZmFsc2UsIlJlZnJlc2hUYXJnZXQiOm51bGwsIkN1c3RvbUZpZWxkIjp7IlVJRCI6MX19.JJ7OzqKUpTdhO5rMZwcx5-XlBAyMqZA-1KC0fW5C2HA] Content-Type:[]]
Response Header: map[Content-Type:[application/json; charset=utf-8] Gin-Context-Matched-Path-Method:[/v1/needs/:nid/inspect@GET]]
[GIN] 2019/12/08 - 18:37:34 | 200 |       998.2µs |                 | GET      /v1/needs/1/inspect
Method: GET url: /v1/needs/1/inspect http: HTTP/1.1
Request Header: map[Authorization:[Bearer eyJhbGciOiJIUzI1NiIsInR5cCI6IkpXVCJ9.eyJleHAiOjE1NzU4MDUwNTQsImlzcyI6Ik15cmlhZC1EcmVhbWluIiwibmJmIjoxNTc1ODAxNDQ0LCJJc1JlZnJlc2hUb2tlbiI6ZmFsc2UsIlJlZnJlc2hUYXJnZXQiOm51bGwsIkN1c3RvbUZpZWxkIjp7IlVJRCI6MX19.JJ7OzqKUpTdhO5rMZwcx5-XlBAyMqZA-1KC0fW5C2HA] Content-Type:[]]
Response Header: map[Content-Type:[application/json; charset=utf-8] Gin-Context-Matched-Path-Method:[/v1/needs/:nid/inspect@GET]]
[GIN] 2019/12/08 - 18:37:34 | 200 |      1.0024ms |                 | GET      /v1/needs-list?page=1&page_size=2
Method: GET url: /v1/needs-list?page=1&page_size=2 http: HTTP/1.1
Request Header: map[Authorization:[Bearer eyJhbGciOiJIUzI1NiIsInR5cCI6IkpXVCJ9.eyJleHAiOjE1NzU4MDUwNTQsImlzcyI6Ik15cmlhZC1EcmVhbWluIiwibmJmIjoxNTc1ODAxNDQ0LCJJc1JlZnJlc2hUb2tlbiI6ZmFsc2UsIlJlZnJlc2hUYXJnZXQiOm51bGwsIkN1c3RvbUZpZWxkIjp7IlVJRCI6MX19.JJ7OzqKUpTdhO5rMZwcx5-XlBAyMqZA-1KC0fW5C2HA] Content-Type:[]]
Response Header: map[Content-Type:[application/json; charset=utf-8] Gin-Context-Matched-Path-Method:[/v1/needs-list@GET]]
[GIN] 2019/12/08 - 18:37:34 | 200 |            0s |                 | GET      /v1/needs-list?page=2&page_size=2
Method: GET url: /v1/needs-list?page=2&page_size=2 http: HTTP/1.1
Request Header: map[Authorization:[Bearer eyJhbGciOiJIUzI1NiIsInR5cCI6IkpXVCJ9.eyJleHAiOjE1NzU4MDUwNTQsImlzcyI6Ik15cmlhZC1EcmVhbWluIiwibmJmIjoxNTc1ODAxNDQ0LCJJc1JlZnJlc2hUb2tlbiI6ZmFsc2UsIlJlZnJlc2hUYXJnZXQiOm51bGwsIkN1c3RvbUZpZWxkIjp7IlVJRCI6MX19.JJ7OzqKUpTdhO5rMZwcx5-XlBAyMqZA-1KC0fW5C2HA] Content-Type:[]]
Response Header: map[Content-Type:[application/json; charset=utf-8] Gin-Context-Matched-Path-Method:[/v1/needs-list@GET]]
[GIN] 2019/12/08 - 18:37:34 | 200 |       997.4µs |                 | GET      /v1/needs-list?page=1&page_size=20&name=es0001
Method: GET url: /v1/needs-list?page=1&page_size=20&name=es0001 http: HTTP/1.1
Request Header: map[Authorization:[Bearer eyJhbGciOiJIUzI1NiIsInR5cCI6IkpXVCJ9.eyJleHAiOjE1NzU4MDUwNTQsImlzcyI6Ik15cmlhZC1EcmVhbWluIiwibmJmIjoxNTc1ODAxNDQ0LCJJc1JlZnJlc2hUb2tlbiI6ZmFsc2UsIlJlZnJlc2hUYXJnZXQiOm51bGwsIkN1c3RvbUZpZWxkIjp7IlVJRCI6MX19.JJ7OzqKUpTdhO5rMZwcx5-XlBAyMqZA-1KC0fW5C2HA] Content-Type:[]]
Response Header: map[Content-Type:[application/json; charset=utf-8] Gin-Context-Matched-Path-Method:[/v1/needs-list@GET]]
[GIN] 2019/12/08 - 18:37:34 | 200 |            0s |                 | GET      /v1/needs-list?page=2&page_size=20
Method: GET url: /v1/needs-list?page=2&page_size=20 http: HTTP/1.1
Request Header: map[Authorization:[Bearer eyJhbGciOiJIUzI1NiIsInR5cCI6IkpXVCJ9.eyJleHAiOjE1NzU4MDUwNTQsImlzcyI6Ik15cmlhZC1EcmVhbWluIiwibmJmIjoxNTc1ODAxNDQ0LCJJc1JlZnJlc2hUb2tlbiI6ZmFsc2UsIlJlZnJlc2hUYXJnZXQiOm51bGwsIkN1c3RvbUZpZWxkIjp7IlVJRCI6MX19.JJ7OzqKUpTdhO5rMZwcx5-XlBAyMqZA-1KC0fW5C2HA] Content-Type:[]]
Response Header: map[Content-Type:[application/json; charset=utf-8] Gin-Context-Matched-Path-Method:[/v1/needs-list@GET]]
[GIN] 2019/12/08 - 18:37:34 | 200 |            0s |                 | PUT      /v1/needs/4/picture
Method: PUT url: /v1/needs/4/picture http: HTTP/1.1
Request Header: map[Authorization:[Bearer eyJhbGciOiJIUzI1NiIsInR5cCI6IkpXVCJ9.eyJleHAiOjE1NzU4MDUwNTQsImlzcyI6Ik15cmlhZC1EcmVhbWluIiwibmJmIjoxNTc1ODAxNDQ0LCJJc1JlZnJlc2hUb2tlbiI6ZmFsc2UsIlJlZnJlc2hUYXJnZXQiOm51bGwsIkN1c3RvbUZpZWxkIjp7IlVJRCI6MX19.JJ7OzqKUpTdhO5rMZwcx5-XlBAyMqZA-1KC0fW5C2HA] Content-Type:[multipart/form-data; boundary=c92726c9d2603d12027287e116a59e1abe0d7a9a172037184222731d626b]]
Response Header: map[Content-Type:[application/json; charset=utf-8] Gin-Context-Matched-Path-Method:[/v1/needs/:nid/picture@PUT]]
[GIN] 2019/12/08 - 18:37:34 | 200 |      3.9942ms |                 | DELETE   /v1/needs/4
Method: DELETE url: /v1/needs/4 http: HTTP/1.1
Request Header: map[Authorization:[Bearer eyJhbGciOiJIUzI1NiIsInR5cCI6IkpXVCJ9.eyJleHAiOjE1NzU4MDUwNTQsImlzcyI6Ik15cmlhZC1EcmVhbWluIiwibmJmIjoxNTc1ODAxNDQ0LCJJc1JlZnJlc2hUb2tlbiI6ZmFsc2UsIlJlZnJlc2hUYXJnZXQiOm51bGwsIkN1c3RvbUZpZWxkIjp7IlVJRCI6MX19.JJ7OzqKUpTdhO5rMZwcx5-XlBAyMqZA-1KC0fW5C2HA] Content-Type:[]]
Response Header: map[Content-Type:[application/json; charset=utf-8] Gin-Context-Matched-Path-Method:[/v1/needs/:nid@DELETE]]
[GIN] 2019/12/08 - 18:37:34 | 200 |            0s |                 | GET      /v1/needs/4
Method: GET url: /v1/needs/4 http: HTTP/1.1
Request Header: map[Authorization:[Bearer eyJhbGciOiJIUzI1NiIsInR5cCI6IkpXVCJ9.eyJleHAiOjE1NzU4MDUwNTQsImlzcyI6Ik15cmlhZC1EcmVhbWluIiwibmJmIjoxNTc1ODAxNDQ0LCJJc1JlZnJlc2hUb2tlbiI6ZmFsc2UsIlJlZnJlc2hUYXJnZXQiOm51bGwsIkN1c3RvbUZpZWxkIjp7IlVJRCI6MX19.JJ7OzqKUpTdhO5rMZwcx5-XlBAyMqZA-1KC0fW5C2HA] Content-Type:[]]
Response Header: map[Content-Type:[application/json; charset=utf-8] Gin-Context-Matched-Path-Method:[/v1/needs/:nid/inspect@GET]]
[GIN] 2019/12/08 - 18:37:34 | 200 |      1.0022ms |                 | GET      /v1/statistic/count?le=2019-12-08T18%3A37%3A34%2B08%3A00&ge=2019-12-08T18%3A37%3A34%2B08%3A00
Method: GET url: /v1/statistic/count?le=2019-12-08T18%3A37%3A34%2B08%3A00&ge=2019-12-08T18%3A37%3A34%2B08%3A00 http: HTTP/1.1
Request Header: map[Authorization:[Bearer eyJhbGciOiJIUzI1NiIsInR5cCI6IkpXVCJ9.eyJleHAiOjE1NzU4MDUwNTQsImlzcyI6Ik15cmlhZC1EcmVhbWluIiwibmJmIjoxNTc1ODAxNDQ0LCJJc1JlZnJlc2hUb2tlbiI6ZmFsc2UsIlJlZnJlc2hUYXJnZXQiOm51bGwsIkN1c3RvbUZpZWxkIjp7IlVJRCI6MX19.JJ7OzqKUpTdhO5rMZwcx5-XlBAyMqZA-1KC0fW5C2HA] Content-Type:[]]
Response Header: map[Content-Type:[application/json; charset=utf-8] Gin-Context-Matched-Path-Method:[/v1/statistic/count@GET]]
[GIN] 2019/12/08 - 18:37:34 | 200 |            0s |                 | GET      /v1/statistic/fee?le=2019-12-08T18%3A37%3A34%2B08%3A00&ge=2019-12-08T18%3A37%3A34%2B08%3A00
Method: GET url: /v1/statistic/fee?le=2019-12-08T18%3A37%3A34%2B08%3A00&ge=2019-12-08T18%3A37%3A34%2B08%3A00 http: HTTP/1.1
Request Header: map[Authorization:[Bearer eyJhbGciOiJIUzI1NiIsInR5cCI6IkpXVCJ9.eyJleHAiOjE1NzU4MDUwNTQsImlzcyI6Ik15cmlhZC1EcmVhbWluIiwibmJmIjoxNTc1ODAxNDQ0LCJJc1JlZnJlc2hUb2tlbiI6ZmFsc2UsIlJlZnJlc2hUYXJnZXQiOm51bGwsIkN1c3RvbUZpZWxkIjp7IlVJRCI6MX19.JJ7OzqKUpTdhO5rMZwcx5-XlBAyMqZA-1KC0fW5C2HA] Content-Type:[]]
Response Header: map[Content-Type:[application/json; charset=utf-8] Gin-Context-Matched-Path-Method:[/v1/statistic/fee@GET]]
[GIN] 2019/12/08 - 18:37:34 | 200 |     67.9979ms |                 | POST     /v1/user
Method: POST url: /v1/user http: HTTP/1.1
Request Header: map[Authorization:[Bearer eyJhbGciOiJIUzI1NiIsInR5cCI6IkpXVCJ9.eyJleHAiOjE1NzU4MDUwNTQsImlzcyI6Ik15cmlhZC1EcmVhbWluIiwibmJmIjoxNTc1ODAxNDQ0LCJJc1JlZnJlc2hUb2tlbiI6ZmFsc2UsIlJlZnJlc2hUYXJnZXQiOm51bGwsIkN1c3RvbUZpZWxkIjp7IlVJRCI6MX19.JJ7OzqKUpTdhO5rMZwcx5-XlBAyMqZA-1KC0fW5C2HA] Content-Type:[application/json]]
Response Header: map[Content-Type:[application/json; charset=utf-8] Gin-Context-Matched-Path-Method:[/v1/user@POST]]
[GIN] 2019/12/08 - 18:37:34 | 200 |     65.0032ms |                 | POST     /v1/login
Method: POST url: /v1/login http: HTTP/1.1
Request Header: map[Authorization:[Bearer eyJhbGciOiJIUzI1NiIsInR5cCI6IkpXVCJ9.eyJleHAiOjE1NzU4MDUwNTQsImlzcyI6Ik15cmlhZC1EcmVhbWluIiwibmJmIjoxNTc1ODAxNDQ0LCJJc1JlZnJlc2hUb2tlbiI6ZmFsc2UsIlJlZnJlc2hUYXJnZXQiOm51bGwsIkN1c3RvbUZpZWxkIjp7IlVJRCI6MX19.JJ7OzqKUpTdhO5rMZwcx5-XlBAyMqZA-1KC0fW5C2HA] Content-Type:[application/json]]
Response Header: map[Content-Type:[application/json; charset=utf-8] Gin-Context-Matched-Path-Method:[/v1/login@POST]]
[GIN] 2019/12/08 - 18:37:34 | 200 |     64.0025ms |                 | POST     /v1/login
Method: POST url: /v1/login http: HTTP/1.1
Request Header: map[Authorization:[Bearer eyJhbGciOiJIUzI1NiIsInR5cCI6IkpXVCJ9.eyJleHAiOjE1NzU4MDUwNTQsImlzcyI6Ik15cmlhZC1EcmVhbWluIiwibmJmIjoxNTc1ODAxNDQ0LCJJc1JlZnJlc2hUb2tlbiI6ZmFsc2UsIlJlZnJlc2hUYXJnZXQiOm51bGwsIkN1c3RvbUZpZWxkIjp7IlVJRCI6MX19.JJ7OzqKUpTdhO5rMZwcx5-XlBAyMqZA-1KC0fW5C2HA] Content-Type:[application/json]]
Response Header: map[Content-Type:[application/json; charset=utf-8] Gin-Context-Matched-Path-Method:[/v1/login@POST]]
[GIN] 2019/12/08 - 18:37:34 | 200 |     64.9996ms |                 | POST     /v1/login
Method: POST url: /v1/login http: HTTP/1.1
Request Header: map[Authorization:[Bearer eyJhbGciOiJIUzI1NiIsInR5cCI6IkpXVCJ9.eyJleHAiOjE1NzU4MDUwNTQsImlzcyI6Ik15cmlhZC1EcmVhbWluIiwibmJmIjoxNTc1ODAxNDQ0LCJJc1JlZnJlc2hUb2tlbiI6ZmFsc2UsIlJlZnJlc2hUYXJnZXQiOm51bGwsIkN1c3RvbUZpZWxkIjp7IlVJRCI6MX19.JJ7OzqKUpTdhO5rMZwcx5-XlBAyMqZA-1KC0fW5C2HA] Content-Type:[application/json]]
Response Header: map[Content-Type:[application/json; charset=utf-8] Gin-Context-Matched-Path-Method:[/v1/login@POST]]
[GIN] 2019/12/08 - 18:37:34 | 200 |            0s |                 | GET      /v1/user/1
Method: GET url: /v1/user/1 http: HTTP/1.1
Request Header: map[Authorization:[Bearer eyJhbGciOiJIUzI1NiIsInR5cCI6IkpXVCJ9.eyJleHAiOjE1NzU4MDUwNTQsImlzcyI6Ik15cmlhZC1EcmVhbWluIiwibmJmIjoxNTc1ODAxNDQ0LCJJc1JlZnJlc2hUb2tlbiI6ZmFsc2UsIlJlZnJlc2hUYXJnZXQiOm51bGwsIkN1c3RvbUZpZWxkIjp7IlVJRCI6MX19.JJ7OzqKUpTdhO5rMZwcx5-XlBAyMqZA-1KC0fW5C2HA] Content-Type:[]]
Response Header: map[Content-Type:[application/json; charset=utf-8] Gin-Context-Matched-Path-Method:[/v1/user/:id@GET]]
[GIN] 2019/12/08 - 18:37:34 | 200 |            0s |                 | GET      /v1/user-list?page=1&page_size=1
Method: GET url: /v1/user-list?page=1&page_size=1 http: HTTP/1.1
Request Header: map[Authorization:[Bearer eyJhbGciOiJIUzI1NiIsInR5cCI6IkpXVCJ9.eyJleHAiOjE1NzU4MDUwNTQsImlzcyI6Ik15cmlhZC1EcmVhbWluIiwibmJmIjoxNTc1ODAxNDQ0LCJJc1JlZnJlc2hUb2tlbiI6ZmFsc2UsIlJlZnJlc2hUYXJnZXQiOm51bGwsIkN1c3RvbUZpZWxkIjp7IlVJRCI6MX19.JJ7OzqKUpTdhO5rMZwcx5-XlBAyMqZA-1KC0fW5C2HA] Content-Type:[]]
Response Header: map[Content-Type:[application/json; charset=utf-8] Gin-Context-Matched-Path-Method:[/v1/user-list@GET]]
[GIN] 2019/12/08 - 18:37:34 | 200 |      1.0001ms |                 | POST     /v1/goods
Method: POST url: /v1/goods http: HTTP/1.1
Request Header: map[Authorization:[Bearer eyJhbGciOiJIUzI1NiIsInR5cCI6IkpXVCJ9.eyJleHAiOjE1NzU4MDUwNTQsImlzcyI6Ik15cmlhZC1EcmVhbWluIiwibmJmIjoxNTc1ODAxNDQ0LCJJc1JlZnJlc2hUb2tlbiI6ZmFsc2UsIlJlZnJlc2hUYXJnZXQiOm51bGwsIkN1c3RvbUZpZWxkIjp7IlVJRCI6MX19.JJ7OzqKUpTdhO5rMZwcx5-XlBAyMqZA-1KC0fW5C2HA] Content-Type:[application/json]]
Response Header: map[Content-Type:[application/json; charset=utf-8] Gin-Context-Matched-Path-Method:[/v1/goods@POST]]
[GIN] 2019/12/08 - 18:37:34 | 200 |            0s |                 | POST     /v1/user/1/goods/12/buy
Method: POST url: /v1/user/1/goods/12/buy http: HTTP/1.1
Request Header: map[Authorization:[Bearer eyJhbGciOiJIUzI1NiIsInR5cCI6IkpXVCJ9.eyJleHAiOjE1NzU4MDUwNTQsImlzcyI6Ik15cmlhZC1EcmVhbWluIiwibmJmIjoxNTc1ODAxNDQ0LCJJc1JlZnJlc2hUb2tlbiI6ZmFsc2UsIlJlZnJlc2hUYXJnZXQiOm51bGwsIkN1c3RvbUZpZWxkIjp7IlVJRCI6MX19.JJ7OzqKUpTdhO5rMZwcx5-XlBAyMqZA-1KC0fW5C2HA] Content-Type:[]]
Response Header: map[Content-Type:[application/json; charset=utf-8] Gin-Context-Matched-Path-Method:[/v1/user/:id/goods/:goid/buy@POST]]
[GIN] 2019/12/08 - 18:37:34 | 200 |            0s |                 | GET      /v1/goods/12
Method: GET url: /v1/goods/12 http: HTTP/1.1
Request Header: map[Authorization:[Bearer eyJhbGciOiJIUzI1NiIsInR5cCI6IkpXVCJ9.eyJleHAiOjE1NzU4MDUwNTQsImlzcyI6Ik15cmlhZC1EcmVhbWluIiwibmJmIjoxNTc1ODAxNDQ0LCJJc1JlZnJlc2hUb2tlbiI6ZmFsc2UsIlJlZnJlc2hUYXJnZXQiOm51bGwsIkN1c3RvbUZpZWxkIjp7IlVJRCI6MX19.JJ7OzqKUpTdhO5rMZwcx5-XlBAyMqZA-1KC0fW5C2HA] Content-Type:[]]
Response Header: map[Content-Type:[application/json; charset=utf-8] Gin-Context-Matched-Path-Method:[/v1/goods/:goid/inspect@GET]]
[GIN] 2019/12/08 - 18:37:34 | 200 |            0s |                 | POST     /v1/needs
Method: POST url: /v1/needs http: HTTP/1.1
Request Header: map[Authorization:[Bearer eyJhbGciOiJIUzI1NiIsInR5cCI6IkpXVCJ9.eyJleHAiOjE1NzU4MDUwNTQsImlzcyI6Ik15cmlhZC1EcmVhbWluIiwibmJmIjoxNTc1ODAxNDQ0LCJJc1JlZnJlc2hUb2tlbiI6ZmFsc2UsIlJlZnJlc2hUYXJnZXQiOm51bGwsIkN1c3RvbUZpZWxkIjp7IlVJRCI6MX19.JJ7OzqKUpTdhO5rMZwcx5-XlBAyMqZA-1KC0fW5C2HA] Content-Type:[application/json]]
Response Header: map[Content-Type:[application/json; charset=utf-8] Gin-Context-Matched-Path-Method:[/v1/needs@POST]]
[GIN] 2019/12/08 - 18:37:34 | 200 |       999.9µs |                 | POST     /v1/user/1/needs/12/sell
Method: POST url: /v1/user/1/needs/12/sell http: HTTP/1.1
Request Header: map[Authorization:[Bearer eyJhbGciOiJIUzI1NiIsInR5cCI6IkpXVCJ9.eyJleHAiOjE1NzU4MDUwNTQsImlzcyI6Ik15cmlhZC1EcmVhbWluIiwibmJmIjoxNTc1ODAxNDQ0LCJJc1JlZnJlc2hUb2tlbiI6ZmFsc2UsIlJlZnJlc2hUYXJnZXQiOm51bGwsIkN1c3RvbUZpZWxkIjp7IlVJRCI6MX19.JJ7OzqKUpTdhO5rMZwcx5-XlBAyMqZA-1KC0fW5C2HA] Content-Type:[]]
Response Header: map[Content-Type:[application/json; charset=utf-8] Gin-Context-Matched-Path-Method:[/v1/user/:id/needs/:nid/sell@POST]]
[GIN] 2019/12/08 - 18:37:34 | 200 |            0s |                 | GET      /v1/needs/12
Method: GET url: /v1/needs/12 http: HTTP/1.1
Request Header: map[Authorization:[Bearer eyJhbGciOiJIUzI1NiIsInR5cCI6IkpXVCJ9.eyJleHAiOjE1NzU4MDUwNTQsImlzcyI6Ik15cmlhZC1EcmVhbWluIiwibmJmIjoxNTc1ODAxNDQ0LCJJc1JlZnJlc2hUb2tlbiI6ZmFsc2UsIlJlZnJlc2hUYXJnZXQiOm51bGwsIkN1c3RvbUZpZWxkIjp7IlVJRCI6MX19.JJ7OzqKUpTdhO5rMZwcx5-XlBAyMqZA-1KC0fW5C2HA] Content-Type:[]]
Response Header: map[Content-Type:[application/json; charset=utf-8] Gin-Context-Matched-Path-Method:[/v1/needs/:nid/inspect@GET]]
[GIN] 2019/12/08 - 18:37:34 | 200 |            0s |                 | POST     /v1/user/1/goods/12/confirm-buy
Method: POST url: /v1/user/1/goods/12/confirm-buy http: HTTP/1.1
Request Header: map[Authorization:[Bearer eyJhbGciOiJIUzI1NiIsInR5cCI6IkpXVCJ9.eyJleHAiOjE1NzU4MDUwNTQsImlzcyI6Ik15cmlhZC1EcmVhbWluIiwibmJmIjoxNTc1ODAxNDQ0LCJJc1JlZnJlc2hUb2tlbiI6ZmFsc2UsIlJlZnJlc2hUYXJnZXQiOm51bGwsIkN1c3RvbUZpZWxkIjp7IlVJRCI6MX19.JJ7OzqKUpTdhO5rMZwcx5-XlBAyMqZA-1KC0fW5C2HA] Content-Type:[]]
Response Header: map[Content-Type:[application/json; charset=utf-8] Gin-Context-Matched-Path-Method:[/v1/user/:id/goods/:goid/confirm-buy@POST]]
[GIN] 2019/12/08 - 18:37:34 | 200 |            0s |                 | GET      /v1/goods/12
Method: GET url: /v1/goods/12 http: HTTP/1.1
Request Header: map[Authorization:[Bearer eyJhbGciOiJIUzI1NiIsInR5cCI6IkpXVCJ9.eyJleHAiOjE1NzU4MDUwNTQsImlzcyI6Ik15cmlhZC1EcmVhbWluIiwibmJmIjoxNTc1ODAxNDQ0LCJJc1JlZnJlc2hUb2tlbiI6ZmFsc2UsIlJlZnJlc2hUYXJnZXQiOm51bGwsIkN1c3RvbUZpZWxkIjp7IlVJRCI6MX19.JJ7OzqKUpTdhO5rMZwcx5-XlBAyMqZA-1KC0fW5C2HA] Content-Type:[]]
Response Header: map[Content-Type:[application/json; charset=utf-8] Gin-Context-Matched-Path-Method:[/v1/goods/:goid/inspect@GET]]
[GIN] 2019/12/08 - 18:37:34 | 200 |      1.0004ms |                 | DELETE   /v1/goods/12/force
Method: DELETE url: /v1/goods/12/force http: HTTP/1.1
Request Header: map[Authorization:[Bearer eyJhbGciOiJIUzI1NiIsInR5cCI6IkpXVCJ9.eyJleHAiOjE1NzU4MDUwNTQsImlzcyI6Ik15cmlhZC1EcmVhbWluIiwibmJmIjoxNTc1ODAxNDQ0LCJJc1JlZnJlc2hUb2tlbiI6ZmFsc2UsIlJlZnJlc2hUYXJnZXQiOm51bGwsIkN1c3RvbUZpZWxkIjp7IlVJRCI6MX19.JJ7OzqKUpTdhO5rMZwcx5-XlBAyMqZA-1KC0fW5C2HA] Content-Type:[]]
Response Header: map[Content-Type:[application/json; charset=utf-8] Gin-Context-Matched-Path-Method:[/v1/goods/:goid/force@DELETE]]
[GIN] 2019/12/08 - 18:37:34 | 200 |            0s |                 | POST     /v1/user/1/needs/12/confirm-sell
Method: POST url: /v1/user/1/needs/12/confirm-sell http: HTTP/1.1
Request Header: map[Authorization:[Bearer eyJhbGciOiJIUzI1NiIsInR5cCI6IkpXVCJ9.eyJleHAiOjE1NzU4MDUwNTQsImlzcyI6Ik15cmlhZC1EcmVhbWluIiwibmJmIjoxNTc1ODAxNDQ0LCJJc1JlZnJlc2hUb2tlbiI6ZmFsc2UsIlJlZnJlc2hUYXJnZXQiOm51bGwsIkN1c3RvbUZpZWxkIjp7IlVJRCI6MX19.JJ7OzqKUpTdhO5rMZwcx5-XlBAyMqZA-1KC0fW5C2HA] Content-Type:[application/json]]
Response Header: map[Content-Type:[application/json; charset=utf-8] Gin-Context-Matched-Path-Method:[/v1/user/:id/needs/:nid/confirm-sell@POST]]
[GIN] 2019/12/08 - 18:37:34 | 200 |            0s |                 | GET      /v1/needs/12
Method: GET url: /v1/needs/12 http: HTTP/1.1
Request Header: map[Authorization:[Bearer eyJhbGciOiJIUzI1NiIsInR5cCI6IkpXVCJ9.eyJleHAiOjE1NzU4MDUwNTQsImlzcyI6Ik15cmlhZC1EcmVhbWluIiwibmJmIjoxNTc1ODAxNDQ0LCJJc1JlZnJlc2hUb2tlbiI6ZmFsc2UsIlJlZnJlc2hUYXJnZXQiOm51bGwsIkN1c3RvbUZpZWxkIjp7IlVJRCI6MX19.JJ7OzqKUpTdhO5rMZwcx5-XlBAyMqZA-1KC0fW5C2HA] Content-Type:[]]
Response Header: map[Content-Type:[application/json; charset=utf-8] Gin-Context-Matched-Path-Method:[/v1/needs/:nid/inspect@GET]]
[GIN] 2019/12/08 - 18:37:34 | 200 |            0s |                 | DELETE   /v1/needs/12/force
Method: DELETE url: /v1/needs/12/force http: HTTP/1.1
Request Header: map[Authorization:[Bearer eyJhbGciOiJIUzI1NiIsInR5cCI6IkpXVCJ9.eyJleHAiOjE1NzU4MDUwNTQsImlzcyI6Ik15cmlhZC1EcmVhbWluIiwibmJmIjoxNTc1ODAxNDQ0LCJJc1JlZnJlc2hUb2tlbiI6ZmFsc2UsIlJlZnJlc2hUYXJnZXQiOm51bGwsIkN1c3RvbUZpZWxkIjp7IlVJRCI6MX19.JJ7OzqKUpTdhO5rMZwcx5-XlBAyMqZA-1KC0fW5C2HA] Content-Type:[]]
Response Header: map[Content-Type:[application/json; charset=utf-8] Gin-Context-Matched-Path-Method:[/v1/needs/:nid/force@DELETE]]
[GIN] 2019/12/08 - 18:37:34 | 200 |    131.9945ms |                 | PUT      /v1/user/2/password
Method: PUT url: /v1/user/2/password http: HTTP/1.1
Request Header: map[Authorization:[Bearer eyJhbGciOiJIUzI1NiIsInR5cCI6IkpXVCJ9.eyJleHAiOjE1NzU4MDUwNTQsImlzcyI6Ik15cmlhZC1EcmVhbWluIiwibmJmIjoxNTc1ODAxNDQ0LCJJc1JlZnJlc2hUb2tlbiI6ZmFsc2UsIlJlZnJlc2hUYXJnZXQiOm51bGwsIkN1c3RvbUZpZWxkIjp7IlVJRCI6MX19.JJ7OzqKUpTdhO5rMZwcx5-XlBAyMqZA-1KC0fW5C2HA] Content-Type:[application/json]]
Response Header: map[Content-Type:[application/json; charset=utf-8] Gin-Context-Matched-Path-Method:[/v1/user/:id/password@PUT]]
[GIN] 2019/12/08 - 18:37:34 | 200 |      1.0024ms |                 | DELETE   /v1/user/2
Method: DELETE url: /v1/user/2 http: HTTP/1.1
Request Header: map[Authorization:[Bearer eyJhbGciOiJIUzI1NiIsInR5cCI6IkpXVCJ9.eyJleHAiOjE1NzU4MDUwNTQsImlzcyI6Ik15cmlhZC1EcmVhbWluIiwibmJmIjoxNTc1ODAxNDQ0LCJJc1JlZnJlc2hUb2tlbiI6ZmFsc2UsIlJlZnJlc2hUYXJnZXQiOm51bGwsIkN1c3RvbUZpZWxkIjp7IlVJRCI6MX19.JJ7OzqKUpTdhO5rMZwcx5-XlBAyMqZA-1KC0fW5C2HA] Content-Type:[]]
Response Header: map[Content-Type:[application/json; charset=utf-8] Gin-Context-Matched-Path-Method:[/v1/user/:id@DELETE]]
[GIN] 2019/12/08 - 18:37:34 | 200 |            0s |                 | GET      /v1/user/2
Method: GET url: /v1/user/2 http: HTTP/1.1
Request Header: map[Authorization:[Bearer eyJhbGciOiJIUzI1NiIsInR5cCI6IkpXVCJ9.eyJleHAiOjE1NzU4MDUwNTQsImlzcyI6Ik15cmlhZC1EcmVhbWluIiwibmJmIjoxNTc1ODAxNDQ0LCJJc1JlZnJlc2hUb2tlbiI6ZmFsc2UsIlJlZnJlc2hUYXJnZXQiOm51bGwsIkN1c3RvbUZpZWxkIjp7IlVJRCI6MX19.JJ7OzqKUpTdhO5rMZwcx5-XlBAyMqZA-1KC0fW5C2HA] Content-Type:[]]
Response Header: map[Content-Type:[application/json; charset=utf-8] Gin-Context-Matched-Path-Method:[/v1/user/:id@GET]]
@GET]]
